// Jest Snapshot v1, https://goo.gl/fbAQLP

exports[`<Search/> should render the heading 1`] = `
<main
  class=""
>
  <h1>
    Search
  </h1>
</main>
`;
