// Jest Snapshot v1, https://goo.gl/fbAQLP

exports[`<ListProducts/> should render the heading 1`] = `
<main
  class=""
>
  <h1>
    ListProducts
  </h1>
</main>
`;
