// Jest Snapshot v1, https://goo.gl/fbAQLP

exports[`<Product/> should render the heading 1`] = `
<main
  class=""
>
  <h1>
    Product
  </h1>
</main>
`;
