// Jest Snapshot v1, https://goo.gl/fbAQLP

exports[`<Breadcrumb/> should render the heading 1`] = `
<main
  class=""
>
  <h1>
    Breadcrumb
  </h1>
</main>
`;
