// Jest Snapshot v1, https://goo.gl/fbAQLP

exports[`<Wishlist/> should render the heading 1`] = `
<main
  class=""
>
  <h1>
    Wishlist
  </h1>
</main>
`;
