// Jest Snapshot v1, https://goo.gl/fbAQLP

exports[`<TextIcon/> should render the heading 1`] = `
<main
  class=""
>
  <h1>
    TextIcon
  </h1>
</main>
`;
