// Jest Snapshot v1, https://goo.gl/fbAQLP

exports[`<Loading/> should render the heading 1`] = `
<main
  class=""
>
  <h1>
    Loading
  </h1>
</main>
`;
